apiVersion: v1
kind: Namespace
metadata:
  annotations:
    openshift.io/node-selector: ''
  labels:
    name: openshift-local-storage
    openshift.io/cluster-monitoring: 'true'
  name: openshift-local-storage
